Traceback (most recent call last):
  File "/home/kavia/workspace/code-generation/authtaskmanager-34938-54a51c74/task_management_backend_workspace/task_management_backend/venv/bin/flask", line 10, in <module>
    sys.exit(main())
             ^^^^^^
  File "/home/kavia/workspace/code-generation/authtaskmanager-34938-54a51c74/task_management_backend_workspace/task_management_backend/venv/lib/python3.12/site-packages/flask/cli.py", line 1129, in main
    cli.main()
  File "/home/kavia/workspace/code-generation/authtaskmanager-34938-54a51c74/task_management_backend_workspace/task_management_backend/venv/lib/python3.12/site-packages/click/core.py", line 1082, in main
    rv = self.invoke(ctx)
         ^^^^^^^^^^^^^^^^
  File "/home/kavia/workspace/code-generation/authtaskmanager-34938-54a51c74/task_management_backend_workspace/task_management_backend/venv/lib/python3.12/site-packages/click/core.py", line 1697, in invoke
    return _process_result(sub_ctx.command.invoke(sub_ctx))
                           ^^^^^^^^^^^^^^^^^^^^^^^^^^^^^^^
  File "/home/kavia/workspace/code-generation/authtaskmanager-34938-54a51c74/task_management_backend_workspace/task_management_backend/venv/lib/python3.12/site-packages/click/core.py", line 1443, in invoke
    return ctx.invoke(self.callback, **ctx.params)
           ^^^^^^^^^^^^^^^^^^^^^^^^^^^^^^^^^^^^^^^
  File "/home/kavia/workspace/code-generation/authtaskmanager-34938-54a51c74/task_management_backend_workspace/task_management_backend/venv/lib/python3.12/site-packages/click/core.py", line 788, in invoke
    return __callback(*args, **kwargs)
           ^^^^^^^^^^^^^^^^^^^^^^^^^^^
  File "/home/kavia/workspace/code-generation/authtaskmanager-34938-54a51c74/task_management_backend_workspace/task_management_backend/venv/lib/python3.12/site-packages/click/decorators.py", line 92, in new_func
    return ctx.invoke(f, obj, *args, **kwargs)
           ^^^^^^^^^^^^^^^^^^^^^^^^^^^^^^^^^^^
  File "/home/kavia/workspace/code-generation/authtaskmanager-34938-54a51c74/task_management_backend_workspace/task_management_backend/venv/lib/python3.12/site-packages/click/core.py", line 788, in invoke
    return __callback(*args, **kwargs)
           ^^^^^^^^^^^^^^^^^^^^^^^^^^^
  File "/home/kavia/workspace/code-generation/authtaskmanager-34938-54a51c74/task_management_backend_workspace/task_management_backend/venv/lib/python3.12/site-packages/flask/cli.py", line 977, in run_command
    raise e from None
  File "/home/kavia/workspace/code-generation/authtaskmanager-34938-54a51c74/task_management_backend_workspace/task_management_backend/venv/lib/python3.12/site-packages/flask/cli.py", line 961, in run_command
    app: WSGIApplication = info.load_app()  # pyright: ignore
                           ^^^^^^^^^^^^^^^
  File "/home/kavia/workspace/code-generation/authtaskmanager-34938-54a51c74/task_management_backend_workspace/task_management_backend/venv/lib/python3.12/site-packages/flask/cli.py", line 353, in load_app
    app = locate_app(import_name, None, raise_if_not_found=False)
          ^^^^^^^^^^^^^^^^^^^^^^^^^^^^^^^^^^^^^^^^^^^^^^^^^^^^^^^
  File "/home/kavia/workspace/code-generation/authtaskmanager-34938-54a51c74/task_management_backend_workspace/task_management_backend/venv/lib/python3.12/site-packages/flask/cli.py", line 245, in locate_app
    __import__(module_name)
  File "/home/kavia/workspace/code-generation/authtaskmanager-34938-54a51c74/task_management_backend_workspace/task_management_backend/app/__init__.py", line 30, in <module>
    @app.before_first_request
     ^^^^^^^^^^^^^^^^^^^^^^^^
AttributeError: 'Flask' object has no attribute 'before_first_request'. Did you mean: '_got_first_request'?
